2025-07-25T12:05:12: C:\apcid_private\node_modules\.bin\next:2
2025-07-25T12:05:12: basedir=$(dirname "$(echo "$0" | sed -e 's,\\,/,g')")
2025-07-25T12:05:12:           ^^^^^^^
2025-07-25T12:05:12: 
2025-07-25T12:05:12: SyntaxError: missing ) after argument list
2025-07-25T12:05:12:     at wrapSafe (node:internal/modules/cjs/loader:1662:18)
2025-07-25T12:05:12:     at Module._compile (node:internal/modules/cjs/loader:1704:20)
2025-07-25T12:05:12:     at Object..js (node:internal/modules/cjs/loader:1895:10)
2025-07-25T12:05:12:     at Module.load (node:internal/modules/cjs/loader:1465:32)
2025-07-25T12:05:12:     at Function._load (node:internal/modules/cjs/loader:1282:12)
2025-07-25T12:05:12:     at Object.<anonymous> (C:\Users\Administrator\AppData\Roaming\npm\node_modules\pm2\lib\ProcessContainerFork.js:33:23)
2025-07-25T12:05:12:     at Module._compile (node:internal/modules/cjs/loader:1730:14)
2025-07-25T12:05:12:     at Object..js (node:internal/modules/cjs/loader:1895:10)
2025-07-25T12:05:12:     at Module.load (node:internal/modules/cjs/loader:1465:32)
2025-07-25T12:05:12:     at Function._load (node:internal/modules/cjs/loader:1282:12)
2025-07-25T12:05:12: C:\apcid_private\node_modules\.bin\next:2
2025-07-25T12:05:12: basedir=$(dirname "$(echo "$0" | sed -e 's,\\,/,g')")
2025-07-25T12:05:12:           ^^^^^^^
2025-07-25T12:05:12: 
2025-07-25T12:05:12: SyntaxError: missing ) after argument list
2025-07-25T12:05:12:     at wrapSafe (node:internal/modules/cjs/loader:1662:18)
2025-07-25T12:05:12:     at Module._compile (node:internal/modules/cjs/loader:1704:20)
2025-07-25T12:05:12:     at Object..js (node:internal/modules/cjs/loader:1895:10)
2025-07-25T12:05:12:     at Module.load (node:internal/modules/cjs/loader:1465:32)
2025-07-25T12:05:12:     at Function._load (node:internal/modules/cjs/loader:1282:12)
2025-07-25T12:05:12:     at Object.<anonymous> (C:\Users\Administrator\AppData\Roaming\npm\node_modules\pm2\lib\ProcessContainerFork.js:33:23)
2025-07-25T12:05:12:     at Module._compile (node:internal/modules/cjs/loader:1730:14)
2025-07-25T12:05:12:     at Object..js (node:internal/modules/cjs/loader:1895:10)
2025-07-25T12:05:12:     at Module.load (node:internal/modules/cjs/loader:1465:32)
2025-07-25T12:05:12:     at Function._load (node:internal/modules/cjs/loader:1282:12)
2025-07-25T12:05:12: C:\apcid_private\node_modules\.bin\next:2
2025-07-25T12:05:12: basedir=$(dirname "$(echo "$0" | sed -e 's,\\,/,g')")
2025-07-25T12:05:12:           ^^^^^^^
2025-07-25T12:05:12: 
2025-07-25T12:05:12: SyntaxError: missing ) after argument list
2025-07-25T12:05:12:     at wrapSafe (node:internal/modules/cjs/loader:1662:18)
2025-07-25T12:05:12:     at Module._compile (node:internal/modules/cjs/loader:1704:20)
2025-07-25T12:05:12:     at Object..js (node:internal/modules/cjs/loader:1895:10)
2025-07-25T12:05:12:     at Module.load (node:internal/modules/cjs/loader:1465:32)
2025-07-25T12:05:12:     at Function._load (node:internal/modules/cjs/loader:1282:12)
2025-07-25T12:05:12:     at Object.<anonymous> (C:\Users\Administrator\AppData\Roaming\npm\node_modules\pm2\lib\ProcessContainerFork.js:33:23)
2025-07-25T12:05:12:     at Module._compile (node:internal/modules/cjs/loader:1730:14)
2025-07-25T12:05:12:     at Object..js (node:internal/modules/cjs/loader:1895:10)
2025-07-25T12:05:12:     at Module.load (node:internal/modules/cjs/loader:1465:32)
2025-07-25T12:05:12:     at Function._load (node:internal/modules/cjs/loader:1282:12)
2025-07-25T12:05:12: C:\apcid_private\node_modules\.bin\next:2
2025-07-25T12:05:12: basedir=$(dirname "$(echo "$0" | sed -e 's,\\,/,g')")
2025-07-25T12:05:12:           ^^^^^^^
2025-07-25T12:05:12: 
2025-07-25T12:05:12: SyntaxError: missing ) after argument list
2025-07-25T12:05:12:     at wrapSafe (node:internal/modules/cjs/loader:1662:18)
2025-07-25T12:05:12:     at Module._compile (node:internal/modules/cjs/loader:1704:20)
2025-07-25T12:05:12:     at Object..js (node:internal/modules/cjs/loader:1895:10)
2025-07-25T12:05:12:     at Module.load (node:internal/modules/cjs/loader:1465:32)
2025-07-25T12:05:12:     at Function._load (node:internal/modules/cjs/loader:1282:12)
2025-07-25T12:05:12:     at Object.<anonymous> (C:\Users\Administrator\AppData\Roaming\npm\node_modules\pm2\lib\ProcessContainerFork.js:33:23)
2025-07-25T12:05:12:     at Module._compile (node:internal/modules/cjs/loader:1730:14)
2025-07-25T12:05:12:     at Object..js (node:internal/modules/cjs/loader:1895:10)
2025-07-25T12:05:12:     at Module.load (node:internal/modules/cjs/loader:1465:32)
2025-07-25T12:05:12:     at Function._load (node:internal/modules/cjs/loader:1282:12)
2025-07-25T12:05:12: C:\apcid_private\node_modules\.bin\next:2
2025-07-25T12:05:12: basedir=$(dirname "$(echo "$0" | sed -e 's,\\,/,g')")
2025-07-25T12:05:12:           ^^^^^^^
2025-07-25T12:05:12: 
2025-07-25T12:05:12: SyntaxError: missing ) after argument list
2025-07-25T12:05:12:     at wrapSafe (node:internal/modules/cjs/loader:1662:18)
2025-07-25T12:05:12:     at Module._compile (node:internal/modules/cjs/loader:1704:20)
2025-07-25T12:05:12:     at Object..js (node:internal/modules/cjs/loader:1895:10)
2025-07-25T12:05:12:     at Module.load (node:internal/modules/cjs/loader:1465:32)
2025-07-25T12:05:12:     at Function._load (node:internal/modules/cjs/loader:1282:12)
2025-07-25T12:05:12:     at Object.<anonymous> (C:\Users\Administrator\AppData\Roaming\npm\node_modules\pm2\lib\ProcessContainerFork.js:33:23)
2025-07-25T12:05:12:     at Module._compile (node:internal/modules/cjs/loader:1730:14)
2025-07-25T12:05:12:     at Object..js (node:internal/modules/cjs/loader:1895:10)
2025-07-25T12:05:12:     at Module.load (node:internal/modules/cjs/loader:1465:32)
2025-07-25T12:05:12:     at Function._load (node:internal/modules/cjs/loader:1282:12)
2025-07-25T12:05:12: C:\apcid_private\node_modules\.bin\next:2
2025-07-25T12:05:12: basedir=$(dirname "$(echo "$0" | sed -e 's,\\,/,g')")
2025-07-25T12:05:12:           ^^^^^^^
2025-07-25T12:05:12: 
2025-07-25T12:05:12: SyntaxError: missing ) after argument list
2025-07-25T12:05:12:     at wrapSafe (node:internal/modules/cjs/loader:1662:18)
2025-07-25T12:05:12:     at Module._compile (node:internal/modules/cjs/loader:1704:20)
2025-07-25T12:05:12:     at Object..js (node:internal/modules/cjs/loader:1895:10)
2025-07-25T12:05:12:     at Module.load (node:internal/modules/cjs/loader:1465:32)
2025-07-25T12:05:12:     at Function._load (node:internal/modules/cjs/loader:1282:12)
2025-07-25T12:05:12:     at Object.<anonymous> (C:\Users\Administrator\AppData\Roaming\npm\node_modules\pm2\lib\ProcessContainerFork.js:33:23)
2025-07-25T12:05:12:     at Module._compile (node:internal/modules/cjs/loader:1730:14)
2025-07-25T12:05:12:     at Object..js (node:internal/modules/cjs/loader:1895:10)
2025-07-25T12:05:12:     at Module.load (node:internal/modules/cjs/loader:1465:32)
2025-07-25T12:05:12:     at Function._load (node:internal/modules/cjs/loader:1282:12)
2025-07-25T12:05:13: C:\apcid_private\node_modules\.bin\next:2
2025-07-25T12:05:13: basedir=$(dirname "$(echo "$0" | sed -e 's,\\,/,g')")
2025-07-25T12:05:13:           ^^^^^^^
2025-07-25T12:05:13: 
2025-07-25T12:05:13: SyntaxError: missing ) after argument list
2025-07-25T12:05:13:     at wrapSafe (node:internal/modules/cjs/loader:1662:18)
2025-07-25T12:05:13:     at Module._compile (node:internal/modules/cjs/loader:1704:20)
2025-07-25T12:05:13:     at Object..js (node:internal/modules/cjs/loader:1895:10)
2025-07-25T12:05:13:     at Module.load (node:internal/modules/cjs/loader:1465:32)
2025-07-25T12:05:13:     at Function._load (node:internal/modules/cjs/loader:1282:12)
2025-07-25T12:05:13:     at Object.<anonymous> (C:\Users\Administrator\AppData\Roaming\npm\node_modules\pm2\lib\ProcessContainerFork.js:33:23)
2025-07-25T12:05:13:     at Module._compile (node:internal/modules/cjs/loader:1730:14)
2025-07-25T12:05:13:     at Object..js (node:internal/modules/cjs/loader:1895:10)
2025-07-25T12:05:13:     at Module.load (node:internal/modules/cjs/loader:1465:32)
2025-07-25T12:05:13:     at Function._load (node:internal/modules/cjs/loader:1282:12)
2025-07-25T12:05:13: C:\apcid_private\node_modules\.bin\next:2
2025-07-25T12:05:13: basedir=$(dirname "$(echo "$0" | sed -e 's,\\,/,g')")
2025-07-25T12:05:13:           ^^^^^^^
2025-07-25T12:05:13: 
2025-07-25T12:05:13: SyntaxError: missing ) after argument list
2025-07-25T12:05:13:     at wrapSafe (node:internal/modules/cjs/loader:1662:18)
2025-07-25T12:05:13:     at Module._compile (node:internal/modules/cjs/loader:1704:20)
2025-07-25T12:05:13:     at Object..js (node:internal/modules/cjs/loader:1895:10)
2025-07-25T12:05:13:     at Module.load (node:internal/modules/cjs/loader:1465:32)
2025-07-25T12:05:13:     at Function._load (node:internal/modules/cjs/loader:1282:12)
2025-07-25T12:05:13:     at Object.<anonymous> (C:\Users\Administrator\AppData\Roaming\npm\node_modules\pm2\lib\ProcessContainerFork.js:33:23)
2025-07-25T12:05:13:     at Module._compile (node:internal/modules/cjs/loader:1730:14)
2025-07-25T12:05:13:     at Object..js (node:internal/modules/cjs/loader:1895:10)
2025-07-25T12:05:13:     at Module.load (node:internal/modules/cjs/loader:1465:32)
2025-07-25T12:05:13:     at Function._load (node:internal/modules/cjs/loader:1282:12)
2025-07-25T12:05:13: C:\apcid_private\node_modules\.bin\next:2
2025-07-25T12:05:13: basedir=$(dirname "$(echo "$0" | sed -e 's,\\,/,g')")
2025-07-25T12:05:13:           ^^^^^^^
2025-07-25T12:05:13: 
2025-07-25T12:05:13: SyntaxError: missing ) after argument list
2025-07-25T12:05:13:     at wrapSafe (node:internal/modules/cjs/loader:1662:18)
2025-07-25T12:05:13:     at Module._compile (node:internal/modules/cjs/loader:1704:20)
2025-07-25T12:05:13:     at Object..js (node:internal/modules/cjs/loader:1895:10)
2025-07-25T12:05:13:     at Module.load (node:internal/modules/cjs/loader:1465:32)
2025-07-25T12:05:13:     at Function._load (node:internal/modules/cjs/loader:1282:12)
2025-07-25T12:05:13:     at Object.<anonymous> (C:\Users\Administrator\AppData\Roaming\npm\node_modules\pm2\lib\ProcessContainerFork.js:33:23)
2025-07-25T12:05:13:     at Module._compile (node:internal/modules/cjs/loader:1730:14)
2025-07-25T12:05:13:     at Object..js (node:internal/modules/cjs/loader:1895:10)
2025-07-25T12:05:13:     at Module.load (node:internal/modules/cjs/loader:1465:32)
2025-07-25T12:05:13:     at Function._load (node:internal/modules/cjs/loader:1282:12)
2025-07-25T12:05:13: C:\apcid_private\node_modules\.bin\next:2
2025-07-25T12:05:13: basedir=$(dirname "$(echo "$0" | sed -e 's,\\,/,g')")
2025-07-25T12:05:13:           ^^^^^^^
2025-07-25T12:05:13: 
2025-07-25T12:05:13: SyntaxError: missing ) after argument list
2025-07-25T12:05:13:     at wrapSafe (node:internal/modules/cjs/loader:1662:18)
2025-07-25T12:05:13:     at Module._compile (node:internal/modules/cjs/loader:1704:20)
2025-07-25T12:05:13:     at Object..js (node:internal/modules/cjs/loader:1895:10)
2025-07-25T12:05:13:     at Module.load (node:internal/modules/cjs/loader:1465:32)
2025-07-25T12:05:13:     at Function._load (node:internal/modules/cjs/loader:1282:12)
2025-07-25T12:05:13:     at Object.<anonymous> (C:\Users\Administrator\AppData\Roaming\npm\node_modules\pm2\lib\ProcessContainerFork.js:33:23)
2025-07-25T12:05:13:     at Module._compile (node:internal/modules/cjs/loader:1730:14)
2025-07-25T12:05:13:     at Object..js (node:internal/modules/cjs/loader:1895:10)
2025-07-25T12:05:13:     at Module.load (node:internal/modules/cjs/loader:1465:32)
2025-07-25T12:05:13:     at Function._load (node:internal/modules/cjs/loader:1282:12)
2025-07-25T12:05:13: C:\apcid_private\node_modules\.bin\next:2
2025-07-25T12:05:13: basedir=$(dirname "$(echo "$0" | sed -e 's,\\,/,g')")
2025-07-25T12:05:13:           ^^^^^^^
2025-07-25T12:05:13: 
2025-07-25T12:05:13: SyntaxError: missing ) after argument list
2025-07-25T12:05:13:     at wrapSafe (node:internal/modules/cjs/loader:1662:18)
2025-07-25T12:05:13:     at Module._compile (node:internal/modules/cjs/loader:1704:20)
2025-07-25T12:05:13:     at Object..js (node:internal/modules/cjs/loader:1895:10)
2025-07-25T12:05:13:     at Module.load (node:internal/modules/cjs/loader:1465:32)
2025-07-25T12:05:13:     at Function._load (node:internal/modules/cjs/loader:1282:12)
2025-07-25T12:05:13:     at Object.<anonymous> (C:\Users\Administrator\AppData\Roaming\npm\node_modules\pm2\lib\ProcessContainerFork.js:33:23)
2025-07-25T12:05:13:     at Module._compile (node:internal/modules/cjs/loader:1730:14)
2025-07-25T12:05:13:     at Object..js (node:internal/modules/cjs/loader:1895:10)
2025-07-25T12:05:13:     at Module.load (node:internal/modules/cjs/loader:1465:32)
2025-07-25T12:05:13:     at Function._load (node:internal/modules/cjs/loader:1282:12)
2025-07-25T12:05:13: C:\apcid_private\node_modules\.bin\next:2
2025-07-25T12:05:13: basedir=$(dirname "$(echo "$0" | sed -e 's,\\,/,g')")
2025-07-25T12:05:13:           ^^^^^^^
2025-07-25T12:05:13: 
2025-07-25T12:05:13: SyntaxError: missing ) after argument list
2025-07-25T12:05:13:     at wrapSafe (node:internal/modules/cjs/loader:1662:18)
2025-07-25T12:05:13:     at Module._compile (node:internal/modules/cjs/loader:1704:20)
2025-07-25T12:05:13:     at Object..js (node:internal/modules/cjs/loader:1895:10)
2025-07-25T12:05:13:     at Module.load (node:internal/modules/cjs/loader:1465:32)
2025-07-25T12:05:13:     at Function._load (node:internal/modules/cjs/loader:1282:12)
2025-07-25T12:05:13:     at Object.<anonymous> (C:\Users\Administrator\AppData\Roaming\npm\node_modules\pm2\lib\ProcessContainerFork.js:33:23)
2025-07-25T12:05:13:     at Module._compile (node:internal/modules/cjs/loader:1730:14)
2025-07-25T12:05:13:     at Object..js (node:internal/modules/cjs/loader:1895:10)
2025-07-25T12:05:13:     at Module.load (node:internal/modules/cjs/loader:1465:32)
2025-07-25T12:05:13:     at Function._load (node:internal/modules/cjs/loader:1282:12)
2025-07-25T12:05:13: C:\apcid_private\node_modules\.bin\next:2
2025-07-25T12:05:13: basedir=$(dirname "$(echo "$0" | sed -e 's,\\,/,g')")
2025-07-25T12:05:13:           ^^^^^^^
2025-07-25T12:05:13: 
2025-07-25T12:05:13: SyntaxError: missing ) after argument list
2025-07-25T12:05:13:     at wrapSafe (node:internal/modules/cjs/loader:1662:18)
2025-07-25T12:05:13:     at Module._compile (node:internal/modules/cjs/loader:1704:20)
2025-07-25T12:05:13:     at Object..js (node:internal/modules/cjs/loader:1895:10)
2025-07-25T12:05:13:     at Module.load (node:internal/modules/cjs/loader:1465:32)
2025-07-25T12:05:13:     at Function._load (node:internal/modules/cjs/loader:1282:12)
2025-07-25T12:05:13:     at Object.<anonymous> (C:\Users\Administrator\AppData\Roaming\npm\node_modules\pm2\lib\ProcessContainerFork.js:33:23)
2025-07-25T12:05:13:     at Module._compile (node:internal/modules/cjs/loader:1730:14)
2025-07-25T12:05:13:     at Object..js (node:internal/modules/cjs/loader:1895:10)
2025-07-25T12:05:13:     at Module.load (node:internal/modules/cjs/loader:1465:32)
2025-07-25T12:05:13:     at Function._load (node:internal/modules/cjs/loader:1282:12)
2025-07-25T12:05:14: C:\apcid_private\node_modules\.bin\next:2
2025-07-25T12:05:14: basedir=$(dirname "$(echo "$0" | sed -e 's,\\,/,g')")
2025-07-25T12:05:14:           ^^^^^^^
2025-07-25T12:05:14: 
2025-07-25T12:05:14: SyntaxError: missing ) after argument list
2025-07-25T12:05:14:     at wrapSafe (node:internal/modules/cjs/loader:1662:18)
2025-07-25T12:05:14:     at Module._compile (node:internal/modules/cjs/loader:1704:20)
2025-07-25T12:05:14:     at Object..js (node:internal/modules/cjs/loader:1895:10)
2025-07-25T12:05:14:     at Module.load (node:internal/modules/cjs/loader:1465:32)
2025-07-25T12:05:14:     at Function._load (node:internal/modules/cjs/loader:1282:12)
2025-07-25T12:05:14:     at Object.<anonymous> (C:\Users\Administrator\AppData\Roaming\npm\node_modules\pm2\lib\ProcessContainerFork.js:33:23)
2025-07-25T12:05:14:     at Module._compile (node:internal/modules/cjs/loader:1730:14)
2025-07-25T12:05:14:     at Object..js (node:internal/modules/cjs/loader:1895:10)
2025-07-25T12:05:14:     at Module.load (node:internal/modules/cjs/loader:1465:32)
2025-07-25T12:05:14:     at Function._load (node:internal/modules/cjs/loader:1282:12)
2025-07-25T12:05:14: C:\apcid_private\node_modules\.bin\next:2
2025-07-25T12:05:14: basedir=$(dirname "$(echo "$0" | sed -e 's,\\,/,g')")
2025-07-25T12:05:14:           ^^^^^^^
2025-07-25T12:05:14: 
2025-07-25T12:05:14: SyntaxError: missing ) after argument list
2025-07-25T12:05:14:     at wrapSafe (node:internal/modules/cjs/loader:1662:18)
2025-07-25T12:05:14:     at Module._compile (node:internal/modules/cjs/loader:1704:20)
2025-07-25T12:05:14:     at Object..js (node:internal/modules/cjs/loader:1895:10)
2025-07-25T12:05:14:     at Module.load (node:internal/modules/cjs/loader:1465:32)
2025-07-25T12:05:14:     at Function._load (node:internal/modules/cjs/loader:1282:12)
2025-07-25T12:05:14:     at Object.<anonymous> (C:\Users\Administrator\AppData\Roaming\npm\node_modules\pm2\lib\ProcessContainerFork.js:33:23)
2025-07-25T12:05:14:     at Module._compile (node:internal/modules/cjs/loader:1730:14)
2025-07-25T12:05:14:     at Object..js (node:internal/modules/cjs/loader:1895:10)
2025-07-25T12:05:14:     at Module.load (node:internal/modules/cjs/loader:1465:32)
2025-07-25T12:05:14:     at Function._load (node:internal/modules/cjs/loader:1282:12)
2025-07-25T12:05:14: C:\apcid_private\node_modules\.bin\next:2
2025-07-25T12:05:14: basedir=$(dirname "$(echo "$0" | sed -e 's,\\,/,g')")
2025-07-25T12:05:14:           ^^^^^^^
2025-07-25T12:05:14: 
2025-07-25T12:05:14: SyntaxError: missing ) after argument list
2025-07-25T12:05:14:     at wrapSafe (node:internal/modules/cjs/loader:1662:18)
2025-07-25T12:05:14:     at Module._compile (node:internal/modules/cjs/loader:1704:20)
2025-07-25T12:05:14:     at Object..js (node:internal/modules/cjs/loader:1895:10)
2025-07-25T12:05:14:     at Module.load (node:internal/modules/cjs/loader:1465:32)
2025-07-25T12:05:14:     at Function._load (node:internal/modules/cjs/loader:1282:12)
2025-07-25T12:05:14:     at Object.<anonymous> (C:\Users\Administrator\AppData\Roaming\npm\node_modules\pm2\lib\ProcessContainerFork.js:33:23)
2025-07-25T12:05:14:     at Module._compile (node:internal/modules/cjs/loader:1730:14)
2025-07-25T12:05:14:     at Object..js (node:internal/modules/cjs/loader:1895:10)
2025-07-25T12:05:14:     at Module.load (node:internal/modules/cjs/loader:1465:32)
2025-07-25T12:05:14:     at Function._load (node:internal/modules/cjs/loader:1282:12)
2025-07-25T12:05:27: C:\apcid_private\node_modules\.bin\next:2
2025-07-25T12:05:27: basedir=$(dirname "$(echo "$0" | sed -e 's,\\,/,g')")
2025-07-25T12:05:27:           ^^^^^^^
2025-07-25T12:05:27: 
2025-07-25T12:05:27: SyntaxError: missing ) after argument list
2025-07-25T12:05:27:     at wrapSafe (node:internal/modules/cjs/loader:1662:18)
2025-07-25T12:05:27:     at Module._compile (node:internal/modules/cjs/loader:1704:20)
2025-07-25T12:05:27:     at Object..js (node:internal/modules/cjs/loader:1895:10)
2025-07-25T12:05:27:     at Module.load (node:internal/modules/cjs/loader:1465:32)
2025-07-25T12:05:27:     at Function._load (node:internal/modules/cjs/loader:1282:12)
2025-07-25T12:05:27:     at Object.<anonymous> (C:\Users\Administrator\AppData\Roaming\npm\node_modules\pm2\lib\ProcessContainerFork.js:33:23)
2025-07-25T12:05:27:     at Module._compile (node:internal/modules/cjs/loader:1730:14)
2025-07-25T12:05:27:     at Object..js (node:internal/modules/cjs/loader:1895:10)
2025-07-25T12:05:27:     at Module.load (node:internal/modules/cjs/loader:1465:32)
2025-07-25T12:05:27:     at Function._load (node:internal/modules/cjs/loader:1282:12)
2025-07-25T12:05:27: C:\apcid_private\node_modules\.bin\next:2
2025-07-25T12:05:27: basedir=$(dirname "$(echo "$0" | sed -e 's,\\,/,g')")
2025-07-25T12:05:27:           ^^^^^^^
2025-07-25T12:05:27: 
2025-07-25T12:05:27: SyntaxError: missing ) after argument list
2025-07-25T12:05:27:     at wrapSafe (node:internal/modules/cjs/loader:1662:18)
2025-07-25T12:05:27:     at Module._compile (node:internal/modules/cjs/loader:1704:20)
2025-07-25T12:05:27:     at Object..js (node:internal/modules/cjs/loader:1895:10)
2025-07-25T12:05:27:     at Module.load (node:internal/modules/cjs/loader:1465:32)
2025-07-25T12:05:27:     at Function._load (node:internal/modules/cjs/loader:1282:12)
2025-07-25T12:05:27:     at Object.<anonymous> (C:\Users\Administrator\AppData\Roaming\npm\node_modules\pm2\lib\ProcessContainerFork.js:33:23)
2025-07-25T12:05:27:     at Module._compile (node:internal/modules/cjs/loader:1730:14)
2025-07-25T12:05:27:     at Object..js (node:internal/modules/cjs/loader:1895:10)
2025-07-25T12:05:27:     at Module.load (node:internal/modules/cjs/loader:1465:32)
2025-07-25T12:05:27:     at Function._load (node:internal/modules/cjs/loader:1282:12)
2025-07-25T12:05:27: C:\apcid_private\node_modules\.bin\next:2
2025-07-25T12:05:27: basedir=$(dirname "$(echo "$0" | sed -e 's,\\,/,g')")
2025-07-25T12:05:27:           ^^^^^^^
2025-07-25T12:05:27: 
2025-07-25T12:05:27: SyntaxError: missing ) after argument list
2025-07-25T12:05:27:     at wrapSafe (node:internal/modules/cjs/loader:1662:18)
2025-07-25T12:05:27:     at Module._compile (node:internal/modules/cjs/loader:1704:20)
2025-07-25T12:05:27:     at Object..js (node:internal/modules/cjs/loader:1895:10)
2025-07-25T12:05:27:     at Module.load (node:internal/modules/cjs/loader:1465:32)
2025-07-25T12:05:27:     at Function._load (node:internal/modules/cjs/loader:1282:12)
2025-07-25T12:05:27:     at Object.<anonymous> (C:\Users\Administrator\AppData\Roaming\npm\node_modules\pm2\lib\ProcessContainerFork.js:33:23)
2025-07-25T12:05:27:     at Module._compile (node:internal/modules/cjs/loader:1730:14)
2025-07-25T12:05:27:     at Object..js (node:internal/modules/cjs/loader:1895:10)
2025-07-25T12:05:27:     at Module.load (node:internal/modules/cjs/loader:1465:32)
2025-07-25T12:05:27:     at Function._load (node:internal/modules/cjs/loader:1282:12)
2025-07-25T12:05:27: C:\apcid_private\node_modules\.bin\next:2
2025-07-25T12:05:27: basedir=$(dirname "$(echo "$0" | sed -e 's,\\,/,g')")
2025-07-25T12:05:27:           ^^^^^^^
2025-07-25T12:05:27: 
2025-07-25T12:05:27: SyntaxError: missing ) after argument list
2025-07-25T12:05:27:     at wrapSafe (node:internal/modules/cjs/loader:1662:18)
2025-07-25T12:05:27:     at Module._compile (node:internal/modules/cjs/loader:1704:20)
2025-07-25T12:05:27:     at Object..js (node:internal/modules/cjs/loader:1895:10)
2025-07-25T12:05:27:     at Module.load (node:internal/modules/cjs/loader:1465:32)
2025-07-25T12:05:27:     at Function._load (node:internal/modules/cjs/loader:1282:12)
2025-07-25T12:05:27:     at Object.<anonymous> (C:\Users\Administrator\AppData\Roaming\npm\node_modules\pm2\lib\ProcessContainerFork.js:33:23)
2025-07-25T12:05:27:     at Module._compile (node:internal/modules/cjs/loader:1730:14)
2025-07-25T12:05:27:     at Object..js (node:internal/modules/cjs/loader:1895:10)
2025-07-25T12:05:27:     at Module.load (node:internal/modules/cjs/loader:1465:32)
2025-07-25T12:05:27:     at Function._load (node:internal/modules/cjs/loader:1282:12)
2025-07-25T12:05:28: C:\apcid_private\node_modules\.bin\next:2
2025-07-25T12:05:28: basedir=$(dirname "$(echo "$0" | sed -e 's,\\,/,g')")
2025-07-25T12:05:28:           ^^^^^^^
2025-07-25T12:05:28: 
2025-07-25T12:05:28: SyntaxError: missing ) after argument list
2025-07-25T12:05:28:     at wrapSafe (node:internal/modules/cjs/loader:1662:18)
2025-07-25T12:05:28:     at Module._compile (node:internal/modules/cjs/loader:1704:20)
2025-07-25T12:05:28:     at Object..js (node:internal/modules/cjs/loader:1895:10)
2025-07-25T12:05:28:     at Module.load (node:internal/modules/cjs/loader:1465:32)
2025-07-25T12:05:28:     at Function._load (node:internal/modules/cjs/loader:1282:12)
2025-07-25T12:05:28:     at Object.<anonymous> (C:\Users\Administrator\AppData\Roaming\npm\node_modules\pm2\lib\ProcessContainerFork.js:33:23)
2025-07-25T12:05:28:     at Module._compile (node:internal/modules/cjs/loader:1730:14)
2025-07-25T12:05:28:     at Object..js (node:internal/modules/cjs/loader:1895:10)
2025-07-25T12:05:28:     at Module.load (node:internal/modules/cjs/loader:1465:32)
2025-07-25T12:05:28:     at Function._load (node:internal/modules/cjs/loader:1282:12)
2025-07-25T12:05:28: C:\apcid_private\node_modules\.bin\next:2
2025-07-25T12:05:28: basedir=$(dirname "$(echo "$0" | sed -e 's,\\,/,g')")
2025-07-25T12:05:28:           ^^^^^^^
2025-07-25T12:05:28: 
2025-07-25T12:05:28: SyntaxError: missing ) after argument list
2025-07-25T12:05:28:     at wrapSafe (node:internal/modules/cjs/loader:1662:18)
2025-07-25T12:05:28:     at Module._compile (node:internal/modules/cjs/loader:1704:20)
2025-07-25T12:05:28:     at Object..js (node:internal/modules/cjs/loader:1895:10)
2025-07-25T12:05:28:     at Module.load (node:internal/modules/cjs/loader:1465:32)
2025-07-25T12:05:28:     at Function._load (node:internal/modules/cjs/loader:1282:12)
2025-07-25T12:05:28:     at Object.<anonymous> (C:\Users\Administrator\AppData\Roaming\npm\node_modules\pm2\lib\ProcessContainerFork.js:33:23)
2025-07-25T12:05:28:     at Module._compile (node:internal/modules/cjs/loader:1730:14)
2025-07-25T12:05:28:     at Object..js (node:internal/modules/cjs/loader:1895:10)
2025-07-25T12:05:28:     at Module.load (node:internal/modules/cjs/loader:1465:32)
2025-07-25T12:05:28:     at Function._load (node:internal/modules/cjs/loader:1282:12)
2025-07-25T12:05:28: C:\apcid_private\node_modules\.bin\next:2
2025-07-25T12:05:28: basedir=$(dirname "$(echo "$0" | sed -e 's,\\,/,g')")
2025-07-25T12:05:28:           ^^^^^^^
2025-07-25T12:05:28: 
2025-07-25T12:05:28: SyntaxError: missing ) after argument list
2025-07-25T12:05:28:     at wrapSafe (node:internal/modules/cjs/loader:1662:18)
2025-07-25T12:05:28:     at Module._compile (node:internal/modules/cjs/loader:1704:20)
2025-07-25T12:05:28:     at Object..js (node:internal/modules/cjs/loader:1895:10)
2025-07-25T12:05:28:     at Module.load (node:internal/modules/cjs/loader:1465:32)
2025-07-25T12:05:28:     at Function._load (node:internal/modules/cjs/loader:1282:12)
2025-07-25T12:05:28:     at Object.<anonymous> (C:\Users\Administrator\AppData\Roaming\npm\node_modules\pm2\lib\ProcessContainerFork.js:33:23)
2025-07-25T12:05:28:     at Module._compile (node:internal/modules/cjs/loader:1730:14)
2025-07-25T12:05:28:     at Object..js (node:internal/modules/cjs/loader:1895:10)
2025-07-25T12:05:28:     at Module.load (node:internal/modules/cjs/loader:1465:32)
2025-07-25T12:05:28:     at Function._load (node:internal/modules/cjs/loader:1282:12)
2025-07-25T12:05:28: C:\apcid_private\node_modules\.bin\next:2
2025-07-25T12:05:28: basedir=$(dirname "$(echo "$0" | sed -e 's,\\,/,g')")
2025-07-25T12:05:28:           ^^^^^^^
2025-07-25T12:05:28: 
2025-07-25T12:05:28: SyntaxError: missing ) after argument list
2025-07-25T12:05:28:     at wrapSafe (node:internal/modules/cjs/loader:1662:18)
2025-07-25T12:05:28:     at Module._compile (node:internal/modules/cjs/loader:1704:20)
2025-07-25T12:05:28:     at Object..js (node:internal/modules/cjs/loader:1895:10)
2025-07-25T12:05:28:     at Module.load (node:internal/modules/cjs/loader:1465:32)
2025-07-25T12:05:28:     at Function._load (node:internal/modules/cjs/loader:1282:12)
2025-07-25T12:05:28:     at Object.<anonymous> (C:\Users\Administrator\AppData\Roaming\npm\node_modules\pm2\lib\ProcessContainerFork.js:33:23)
2025-07-25T12:05:28:     at Module._compile (node:internal/modules/cjs/loader:1730:14)
2025-07-25T12:05:28:     at Object..js (node:internal/modules/cjs/loader:1895:10)
2025-07-25T12:05:28:     at Module.load (node:internal/modules/cjs/loader:1465:32)
2025-07-25T12:05:28:     at Function._load (node:internal/modules/cjs/loader:1282:12)
2025-07-25T12:05:28: C:\apcid_private\node_modules\.bin\next:2
2025-07-25T12:05:28: basedir=$(dirname "$(echo "$0" | sed -e 's,\\,/,g')")
2025-07-25T12:05:28:           ^^^^^^^
2025-07-25T12:05:28: 
2025-07-25T12:05:28: SyntaxError: missing ) after argument list
2025-07-25T12:05:28:     at wrapSafe (node:internal/modules/cjs/loader:1662:18)
2025-07-25T12:05:28:     at Module._compile (node:internal/modules/cjs/loader:1704:20)
2025-07-25T12:05:28:     at Object..js (node:internal/modules/cjs/loader:1895:10)
2025-07-25T12:05:28:     at Module.load (node:internal/modules/cjs/loader:1465:32)
2025-07-25T12:05:28:     at Function._load (node:internal/modules/cjs/loader:1282:12)
2025-07-25T12:05:28:     at Object.<anonymous> (C:\Users\Administrator\AppData\Roaming\npm\node_modules\pm2\lib\ProcessContainerFork.js:33:23)
2025-07-25T12:05:28:     at Module._compile (node:internal/modules/cjs/loader:1730:14)
2025-07-25T12:05:28:     at Object..js (node:internal/modules/cjs/loader:1895:10)
2025-07-25T12:05:28:     at Module.load (node:internal/modules/cjs/loader:1465:32)
2025-07-25T12:05:28:     at Function._load (node:internal/modules/cjs/loader:1282:12)
2025-07-25T12:05:28: C:\apcid_private\node_modules\.bin\next:2
2025-07-25T12:05:28: basedir=$(dirname "$(echo "$0" | sed -e 's,\\,/,g')")
2025-07-25T12:05:28:           ^^^^^^^
2025-07-25T12:05:28: 
2025-07-25T12:05:28: SyntaxError: missing ) after argument list
2025-07-25T12:05:28:     at wrapSafe (node:internal/modules/cjs/loader:1662:18)
2025-07-25T12:05:28:     at Module._compile (node:internal/modules/cjs/loader:1704:20)
2025-07-25T12:05:28:     at Object..js (node:internal/modules/cjs/loader:1895:10)
2025-07-25T12:05:28:     at Module.load (node:internal/modules/cjs/loader:1465:32)
2025-07-25T12:05:28:     at Function._load (node:internal/modules/cjs/loader:1282:12)
2025-07-25T12:05:28:     at Object.<anonymous> (C:\Users\Administrator\AppData\Roaming\npm\node_modules\pm2\lib\ProcessContainerFork.js:33:23)
2025-07-25T12:05:28:     at Module._compile (node:internal/modules/cjs/loader:1730:14)
2025-07-25T12:05:28:     at Object..js (node:internal/modules/cjs/loader:1895:10)
2025-07-25T12:05:28:     at Module.load (node:internal/modules/cjs/loader:1465:32)
2025-07-25T12:05:28:     at Function._load (node:internal/modules/cjs/loader:1282:12)
2025-07-25T12:05:29: C:\apcid_private\node_modules\.bin\next:2
2025-07-25T12:05:29: basedir=$(dirname "$(echo "$0" | sed -e 's,\\,/,g')")
2025-07-25T12:05:29:           ^^^^^^^
2025-07-25T12:05:29: 
2025-07-25T12:05:29: SyntaxError: missing ) after argument list
2025-07-25T12:05:29:     at wrapSafe (node:internal/modules/cjs/loader:1662:18)
2025-07-25T12:05:29:     at Module._compile (node:internal/modules/cjs/loader:1704:20)
2025-07-25T12:05:29:     at Object..js (node:internal/modules/cjs/loader:1895:10)
2025-07-25T12:05:29:     at Module.load (node:internal/modules/cjs/loader:1465:32)
2025-07-25T12:05:29:     at Function._load (node:internal/modules/cjs/loader:1282:12)
2025-07-25T12:05:29:     at Object.<anonymous> (C:\Users\Administrator\AppData\Roaming\npm\node_modules\pm2\lib\ProcessContainerFork.js:33:23)
2025-07-25T12:05:29:     at Module._compile (node:internal/modules/cjs/loader:1730:14)
2025-07-25T12:05:29:     at Object..js (node:internal/modules/cjs/loader:1895:10)
2025-07-25T12:05:29:     at Module.load (node:internal/modules/cjs/loader:1465:32)
2025-07-25T12:05:29:     at Function._load (node:internal/modules/cjs/loader:1282:12)
2025-07-25T12:05:29: C:\apcid_private\node_modules\.bin\next:2
2025-07-25T12:05:29: basedir=$(dirname "$(echo "$0" | sed -e 's,\\,/,g')")
2025-07-25T12:05:29:           ^^^^^^^
2025-07-25T12:05:29: 
2025-07-25T12:05:29: SyntaxError: missing ) after argument list
2025-07-25T12:05:29:     at wrapSafe (node:internal/modules/cjs/loader:1662:18)
2025-07-25T12:05:29:     at Module._compile (node:internal/modules/cjs/loader:1704:20)
2025-07-25T12:05:29:     at Object..js (node:internal/modules/cjs/loader:1895:10)
2025-07-25T12:05:29:     at Module.load (node:internal/modules/cjs/loader:1465:32)
2025-07-25T12:05:29:     at Function._load (node:internal/modules/cjs/loader:1282:12)
2025-07-25T12:05:29:     at Object.<anonymous> (C:\Users\Administrator\AppData\Roaming\npm\node_modules\pm2\lib\ProcessContainerFork.js:33:23)
2025-07-25T12:05:29:     at Module._compile (node:internal/modules/cjs/loader:1730:14)
2025-07-25T12:05:29:     at Object..js (node:internal/modules/cjs/loader:1895:10)
2025-07-25T12:05:29:     at Module.load (node:internal/modules/cjs/loader:1465:32)
2025-07-25T12:05:29:     at Function._load (node:internal/modules/cjs/loader:1282:12)
2025-07-25T12:05:29: C:\apcid_private\node_modules\.bin\next:2
2025-07-25T12:05:29: basedir=$(dirname "$(echo "$0" | sed -e 's,\\,/,g')")
2025-07-25T12:05:29:           ^^^^^^^
2025-07-25T12:05:29: 
2025-07-25T12:05:29: SyntaxError: missing ) after argument list
2025-07-25T12:05:29:     at wrapSafe (node:internal/modules/cjs/loader:1662:18)
2025-07-25T12:05:29:     at Module._compile (node:internal/modules/cjs/loader:1704:20)
2025-07-25T12:05:29:     at Object..js (node:internal/modules/cjs/loader:1895:10)
2025-07-25T12:05:29:     at Module.load (node:internal/modules/cjs/loader:1465:32)
2025-07-25T12:05:29:     at Function._load (node:internal/modules/cjs/loader:1282:12)
2025-07-25T12:05:29:     at Object.<anonymous> (C:\Users\Administrator\AppData\Roaming\npm\node_modules\pm2\lib\ProcessContainerFork.js:33:23)
2025-07-25T12:05:29:     at Module._compile (node:internal/modules/cjs/loader:1730:14)
2025-07-25T12:05:29:     at Object..js (node:internal/modules/cjs/loader:1895:10)
2025-07-25T12:05:29:     at Module.load (node:internal/modules/cjs/loader:1465:32)
2025-07-25T12:05:29:     at Function._load (node:internal/modules/cjs/loader:1282:12)
2025-07-25T12:05:29: C:\apcid_private\node_modules\.bin\next:2
2025-07-25T12:05:29: basedir=$(dirname "$(echo "$0" | sed -e 's,\\,/,g')")
2025-07-25T12:05:29:           ^^^^^^^
2025-07-25T12:05:29: 
2025-07-25T12:05:29: SyntaxError: missing ) after argument list
2025-07-25T12:05:29:     at wrapSafe (node:internal/modules/cjs/loader:1662:18)
2025-07-25T12:05:29:     at Module._compile (node:internal/modules/cjs/loader:1704:20)
2025-07-25T12:05:29:     at Object..js (node:internal/modules/cjs/loader:1895:10)
2025-07-25T12:05:29:     at Module.load (node:internal/modules/cjs/loader:1465:32)
2025-07-25T12:05:29:     at Function._load (node:internal/modules/cjs/loader:1282:12)
2025-07-25T12:05:29:     at Object.<anonymous> (C:\Users\Administrator\AppData\Roaming\npm\node_modules\pm2\lib\ProcessContainerFork.js:33:23)
2025-07-25T12:05:29:     at Module._compile (node:internal/modules/cjs/loader:1730:14)
2025-07-25T12:05:29:     at Object..js (node:internal/modules/cjs/loader:1895:10)
2025-07-25T12:05:29:     at Module.load (node:internal/modules/cjs/loader:1465:32)
2025-07-25T12:05:29:     at Function._load (node:internal/modules/cjs/loader:1282:12)
2025-07-25T12:05:29: C:\apcid_private\node_modules\.bin\next:2
2025-07-25T12:05:29: basedir=$(dirname "$(echo "$0" | sed -e 's,\\,/,g')")
2025-07-25T12:05:29:           ^^^^^^^
2025-07-25T12:05:29: 
2025-07-25T12:05:29: SyntaxError: missing ) after argument list
2025-07-25T12:05:29:     at wrapSafe (node:internal/modules/cjs/loader:1662:18)
2025-07-25T12:05:29:     at Module._compile (node:internal/modules/cjs/loader:1704:20)
2025-07-25T12:05:29:     at Object..js (node:internal/modules/cjs/loader:1895:10)
2025-07-25T12:05:29:     at Module.load (node:internal/modules/cjs/loader:1465:32)
2025-07-25T12:05:29:     at Function._load (node:internal/modules/cjs/loader:1282:12)
2025-07-25T12:05:29:     at Object.<anonymous> (C:\Users\Administrator\AppData\Roaming\npm\node_modules\pm2\lib\ProcessContainerFork.js:33:23)
2025-07-25T12:05:29:     at Module._compile (node:internal/modules/cjs/loader:1730:14)
2025-07-25T12:05:29:     at Object..js (node:internal/modules/cjs/loader:1895:10)
2025-07-25T12:05:29:     at Module.load (node:internal/modules/cjs/loader:1465:32)
2025-07-25T12:05:29:     at Function._load (node:internal/modules/cjs/loader:1282:12)
2025-07-25T12:05:29: C:\apcid_private\node_modules\.bin\next:2
2025-07-25T12:05:29: basedir=$(dirname "$(echo "$0" | sed -e 's,\\,/,g')")
2025-07-25T12:05:29:           ^^^^^^^
2025-07-25T12:05:29: 
2025-07-25T12:05:29: SyntaxError: missing ) after argument list
2025-07-25T12:05:29:     at wrapSafe (node:internal/modules/cjs/loader:1662:18)
2025-07-25T12:05:29:     at Module._compile (node:internal/modules/cjs/loader:1704:20)
2025-07-25T12:05:29:     at Object..js (node:internal/modules/cjs/loader:1895:10)
2025-07-25T12:05:29:     at Module.load (node:internal/modules/cjs/loader:1465:32)
2025-07-25T12:05:29:     at Function._load (node:internal/modules/cjs/loader:1282:12)
2025-07-25T12:05:29:     at Object.<anonymous> (C:\Users\Administrator\AppData\Roaming\npm\node_modules\pm2\lib\ProcessContainerFork.js:33:23)
2025-07-25T12:05:29:     at Module._compile (node:internal/modules/cjs/loader:1730:14)
2025-07-25T12:05:29:     at Object..js (node:internal/modules/cjs/loader:1895:10)
2025-07-25T12:05:29:     at Module.load (node:internal/modules/cjs/loader:1465:32)
2025-07-25T12:05:29:     at Function._load (node:internal/modules/cjs/loader:1282:12)
2025-07-25T12:05:35: C:\apcid_private\node_modules\.bin\next:2
2025-07-25T12:05:35: basedir=$(dirname "$(echo "$0" | sed -e 's,\\,/,g')")
2025-07-25T12:05:35:           ^^^^^^^
2025-07-25T12:05:35: 
2025-07-25T12:05:35: SyntaxError: missing ) after argument list
2025-07-25T12:05:35:     at wrapSafe (node:internal/modules/cjs/loader:1662:18)
2025-07-25T12:05:35:     at Module._compile (node:internal/modules/cjs/loader:1704:20)
2025-07-25T12:05:35:     at Object..js (node:internal/modules/cjs/loader:1895:10)
2025-07-25T12:05:35:     at Module.load (node:internal/modules/cjs/loader:1465:32)
2025-07-25T12:05:35:     at Function._load (node:internal/modules/cjs/loader:1282:12)
2025-07-25T12:05:35:     at Object.<anonymous> (C:\Users\Administrator\AppData\Roaming\npm\node_modules\pm2\lib\ProcessContainerFork.js:33:23)
2025-07-25T12:05:35:     at Module._compile (node:internal/modules/cjs/loader:1730:14)
2025-07-25T12:05:35:     at Object..js (node:internal/modules/cjs/loader:1895:10)
2025-07-25T12:05:35:     at Module.load (node:internal/modules/cjs/loader:1465:32)
2025-07-25T12:05:35:     at Function._load (node:internal/modules/cjs/loader:1282:12)
2025-07-25T12:05:36: C:\apcid_private\node_modules\.bin\next:2
2025-07-25T12:05:36: basedir=$(dirname "$(echo "$0" | sed -e 's,\\,/,g')")
2025-07-25T12:05:36:           ^^^^^^^
2025-07-25T12:05:36: 
2025-07-25T12:05:36: SyntaxError: missing ) after argument list
2025-07-25T12:05:36:     at wrapSafe (node:internal/modules/cjs/loader:1662:18)
2025-07-25T12:05:36:     at Module._compile (node:internal/modules/cjs/loader:1704:20)
2025-07-25T12:05:36:     at Object..js (node:internal/modules/cjs/loader:1895:10)
2025-07-25T12:05:36:     at Module.load (node:internal/modules/cjs/loader:1465:32)
2025-07-25T12:05:36:     at Function._load (node:internal/modules/cjs/loader:1282:12)
2025-07-25T12:05:36:     at Object.<anonymous> (C:\Users\Administrator\AppData\Roaming\npm\node_modules\pm2\lib\ProcessContainerFork.js:33:23)
2025-07-25T12:05:36:     at Module._compile (node:internal/modules/cjs/loader:1730:14)
2025-07-25T12:05:36:     at Object..js (node:internal/modules/cjs/loader:1895:10)
2025-07-25T12:05:36:     at Module.load (node:internal/modules/cjs/loader:1465:32)
2025-07-25T12:05:36:     at Function._load (node:internal/modules/cjs/loader:1282:12)
2025-07-25T12:05:36: C:\apcid_private\node_modules\.bin\next:2
2025-07-25T12:05:36: basedir=$(dirname "$(echo "$0" | sed -e 's,\\,/,g')")
2025-07-25T12:05:36:           ^^^^^^^
2025-07-25T12:05:36: 
2025-07-25T12:05:36: SyntaxError: missing ) after argument list
2025-07-25T12:05:36:     at wrapSafe (node:internal/modules/cjs/loader:1662:18)
2025-07-25T12:05:36:     at Module._compile (node:internal/modules/cjs/loader:1704:20)
2025-07-25T12:05:36:     at Object..js (node:internal/modules/cjs/loader:1895:10)
2025-07-25T12:05:36:     at Module.load (node:internal/modules/cjs/loader:1465:32)
2025-07-25T12:05:36:     at Function._load (node:internal/modules/cjs/loader:1282:12)
2025-07-25T12:05:36:     at Object.<anonymous> (C:\Users\Administrator\AppData\Roaming\npm\node_modules\pm2\lib\ProcessContainerFork.js:33:23)
2025-07-25T12:05:36:     at Module._compile (node:internal/modules/cjs/loader:1730:14)
2025-07-25T12:05:36:     at Object..js (node:internal/modules/cjs/loader:1895:10)
2025-07-25T12:05:36:     at Module.load (node:internal/modules/cjs/loader:1465:32)
2025-07-25T12:05:36:     at Function._load (node:internal/modules/cjs/loader:1282:12)
2025-07-25T12:05:36: C:\apcid_private\node_modules\.bin\next:2
2025-07-25T12:05:36: basedir=$(dirname "$(echo "$0" | sed -e 's,\\,/,g')")
2025-07-25T12:05:36:           ^^^^^^^
2025-07-25T12:05:36: 
2025-07-25T12:05:36: SyntaxError: missing ) after argument list
2025-07-25T12:05:36:     at wrapSafe (node:internal/modules/cjs/loader:1662:18)
2025-07-25T12:05:36:     at Module._compile (node:internal/modules/cjs/loader:1704:20)
2025-07-25T12:05:36:     at Object..js (node:internal/modules/cjs/loader:1895:10)
2025-07-25T12:05:36:     at Module.load (node:internal/modules/cjs/loader:1465:32)
2025-07-25T12:05:36:     at Function._load (node:internal/modules/cjs/loader:1282:12)
2025-07-25T12:05:36:     at Object.<anonymous> (C:\Users\Administrator\AppData\Roaming\npm\node_modules\pm2\lib\ProcessContainerFork.js:33:23)
2025-07-25T12:05:36:     at Module._compile (node:internal/modules/cjs/loader:1730:14)
2025-07-25T12:05:36:     at Object..js (node:internal/modules/cjs/loader:1895:10)
2025-07-25T12:05:36:     at Module.load (node:internal/modules/cjs/loader:1465:32)
2025-07-25T12:05:36:     at Function._load (node:internal/modules/cjs/loader:1282:12)
2025-07-25T12:05:36: C:\apcid_private\node_modules\.bin\next:2
2025-07-25T12:05:36: basedir=$(dirname "$(echo "$0" | sed -e 's,\\,/,g')")
2025-07-25T12:05:36:           ^^^^^^^
2025-07-25T12:05:36: 
2025-07-25T12:05:36: SyntaxError: missing ) after argument list
2025-07-25T12:05:36:     at wrapSafe (node:internal/modules/cjs/loader:1662:18)
2025-07-25T12:05:36:     at Module._compile (node:internal/modules/cjs/loader:1704:20)
2025-07-25T12:05:36:     at Object..js (node:internal/modules/cjs/loader:1895:10)
2025-07-25T12:05:36:     at Module.load (node:internal/modules/cjs/loader:1465:32)
2025-07-25T12:05:36:     at Function._load (node:internal/modules/cjs/loader:1282:12)
2025-07-25T12:05:36:     at Object.<anonymous> (C:\Users\Administrator\AppData\Roaming\npm\node_modules\pm2\lib\ProcessContainerFork.js:33:23)
2025-07-25T12:05:36:     at Module._compile (node:internal/modules/cjs/loader:1730:14)
2025-07-25T12:05:36:     at Object..js (node:internal/modules/cjs/loader:1895:10)
2025-07-25T12:05:36:     at Module.load (node:internal/modules/cjs/loader:1465:32)
2025-07-25T12:05:36:     at Function._load (node:internal/modules/cjs/loader:1282:12)
2025-07-25T12:05:36: C:\apcid_private\node_modules\.bin\next:2
2025-07-25T12:05:36: basedir=$(dirname "$(echo "$0" | sed -e 's,\\,/,g')")
2025-07-25T12:05:36:           ^^^^^^^
2025-07-25T12:05:36: 
2025-07-25T12:05:36: SyntaxError: missing ) after argument list
2025-07-25T12:05:36:     at wrapSafe (node:internal/modules/cjs/loader:1662:18)
2025-07-25T12:05:36:     at Module._compile (node:internal/modules/cjs/loader:1704:20)
2025-07-25T12:05:36:     at Object..js (node:internal/modules/cjs/loader:1895:10)
2025-07-25T12:05:36:     at Module.load (node:internal/modules/cjs/loader:1465:32)
2025-07-25T12:05:36:     at Function._load (node:internal/modules/cjs/loader:1282:12)
2025-07-25T12:05:36:     at Object.<anonymous> (C:\Users\Administrator\AppData\Roaming\npm\node_modules\pm2\lib\ProcessContainerFork.js:33:23)
2025-07-25T12:05:36:     at Module._compile (node:internal/modules/cjs/loader:1730:14)
2025-07-25T12:05:36:     at Object..js (node:internal/modules/cjs/loader:1895:10)
2025-07-25T12:05:36:     at Module.load (node:internal/modules/cjs/loader:1465:32)
2025-07-25T12:05:36:     at Function._load (node:internal/modules/cjs/loader:1282:12)
2025-07-25T12:05:36: C:\apcid_private\node_modules\.bin\next:2
2025-07-25T12:05:36: basedir=$(dirname "$(echo "$0" | sed -e 's,\\,/,g')")
2025-07-25T12:05:36:           ^^^^^^^
2025-07-25T12:05:36: 
2025-07-25T12:05:36: SyntaxError: missing ) after argument list
2025-07-25T12:05:36:     at wrapSafe (node:internal/modules/cjs/loader:1662:18)
2025-07-25T12:05:36:     at Module._compile (node:internal/modules/cjs/loader:1704:20)
2025-07-25T12:05:36:     at Object..js (node:internal/modules/cjs/loader:1895:10)
2025-07-25T12:05:36:     at Module.load (node:internal/modules/cjs/loader:1465:32)
2025-07-25T12:05:36:     at Function._load (node:internal/modules/cjs/loader:1282:12)
2025-07-25T12:05:36:     at Object.<anonymous> (C:\Users\Administrator\AppData\Roaming\npm\node_modules\pm2\lib\ProcessContainerFork.js:33:23)
2025-07-25T12:05:36:     at Module._compile (node:internal/modules/cjs/loader:1730:14)
2025-07-25T12:05:36:     at Object..js (node:internal/modules/cjs/loader:1895:10)
2025-07-25T12:05:36:     at Module.load (node:internal/modules/cjs/loader:1465:32)
2025-07-25T12:05:36:     at Function._load (node:internal/modules/cjs/loader:1282:12)
2025-07-25T12:05:36: C:\apcid_private\node_modules\.bin\next:2
2025-07-25T12:05:36: basedir=$(dirname "$(echo "$0" | sed -e 's,\\,/,g')")
2025-07-25T12:05:36:           ^^^^^^^
2025-07-25T12:05:36: 
2025-07-25T12:05:36: SyntaxError: missing ) after argument list
2025-07-25T12:05:36:     at wrapSafe (node:internal/modules/cjs/loader:1662:18)
2025-07-25T12:05:36:     at Module._compile (node:internal/modules/cjs/loader:1704:20)
2025-07-25T12:05:36:     at Object..js (node:internal/modules/cjs/loader:1895:10)
2025-07-25T12:05:36:     at Module.load (node:internal/modules/cjs/loader:1465:32)
2025-07-25T12:05:36:     at Function._load (node:internal/modules/cjs/loader:1282:12)
2025-07-25T12:05:36:     at Object.<anonymous> (C:\Users\Administrator\AppData\Roaming\npm\node_modules\pm2\lib\ProcessContainerFork.js:33:23)
2025-07-25T12:05:36:     at Module._compile (node:internal/modules/cjs/loader:1730:14)
2025-07-25T12:05:36:     at Object..js (node:internal/modules/cjs/loader:1895:10)
2025-07-25T12:05:36:     at Module.load (node:internal/modules/cjs/loader:1465:32)
2025-07-25T12:05:36:     at Function._load (node:internal/modules/cjs/loader:1282:12)
2025-07-25T12:05:37: C:\apcid_private\node_modules\.bin\next:2
2025-07-25T12:05:37: basedir=$(dirname "$(echo "$0" | sed -e 's,\\,/,g')")
2025-07-25T12:05:37:           ^^^^^^^
2025-07-25T12:05:37: 
2025-07-25T12:05:37: SyntaxError: missing ) after argument list
2025-07-25T12:05:37:     at wrapSafe (node:internal/modules/cjs/loader:1662:18)
2025-07-25T12:05:37:     at Module._compile (node:internal/modules/cjs/loader:1704:20)
2025-07-25T12:05:37:     at Object..js (node:internal/modules/cjs/loader:1895:10)
2025-07-25T12:05:37:     at Module.load (node:internal/modules/cjs/loader:1465:32)
2025-07-25T12:05:37:     at Function._load (node:internal/modules/cjs/loader:1282:12)
2025-07-25T12:05:37:     at Object.<anonymous> (C:\Users\Administrator\AppData\Roaming\npm\node_modules\pm2\lib\ProcessContainerFork.js:33:23)
2025-07-25T12:05:37:     at Module._compile (node:internal/modules/cjs/loader:1730:14)
2025-07-25T12:05:37:     at Object..js (node:internal/modules/cjs/loader:1895:10)
2025-07-25T12:05:37:     at Module.load (node:internal/modules/cjs/loader:1465:32)
2025-07-25T12:05:37:     at Function._load (node:internal/modules/cjs/loader:1282:12)
2025-07-25T12:05:37: C:\apcid_private\node_modules\.bin\next:2
2025-07-25T12:05:37: basedir=$(dirname "$(echo "$0" | sed -e 's,\\,/,g')")
2025-07-25T12:05:37:           ^^^^^^^
2025-07-25T12:05:37: 
2025-07-25T12:05:37: SyntaxError: missing ) after argument list
2025-07-25T12:05:37:     at wrapSafe (node:internal/modules/cjs/loader:1662:18)
2025-07-25T12:05:37:     at Module._compile (node:internal/modules/cjs/loader:1704:20)
2025-07-25T12:05:37:     at Object..js (node:internal/modules/cjs/loader:1895:10)
2025-07-25T12:05:37:     at Module.load (node:internal/modules/cjs/loader:1465:32)
2025-07-25T12:05:37:     at Function._load (node:internal/modules/cjs/loader:1282:12)
2025-07-25T12:05:37:     at Object.<anonymous> (C:\Users\Administrator\AppData\Roaming\npm\node_modules\pm2\lib\ProcessContainerFork.js:33:23)
2025-07-25T12:05:37:     at Module._compile (node:internal/modules/cjs/loader:1730:14)
2025-07-25T12:05:37:     at Object..js (node:internal/modules/cjs/loader:1895:10)
2025-07-25T12:05:37:     at Module.load (node:internal/modules/cjs/loader:1465:32)
2025-07-25T12:05:37:     at Function._load (node:internal/modules/cjs/loader:1282:12)
2025-07-25T12:05:37: C:\apcid_private\node_modules\.bin\next:2
2025-07-25T12:05:37: basedir=$(dirname "$(echo "$0" | sed -e 's,\\,/,g')")
2025-07-25T12:05:37:           ^^^^^^^
2025-07-25T12:05:37: 
2025-07-25T12:05:37: SyntaxError: missing ) after argument list
2025-07-25T12:05:37:     at wrapSafe (node:internal/modules/cjs/loader:1662:18)
2025-07-25T12:05:37:     at Module._compile (node:internal/modules/cjs/loader:1704:20)
2025-07-25T12:05:37:     at Object..js (node:internal/modules/cjs/loader:1895:10)
2025-07-25T12:05:37:     at Module.load (node:internal/modules/cjs/loader:1465:32)
2025-07-25T12:05:37:     at Function._load (node:internal/modules/cjs/loader:1282:12)
2025-07-25T12:05:37:     at Object.<anonymous> (C:\Users\Administrator\AppData\Roaming\npm\node_modules\pm2\lib\ProcessContainerFork.js:33:23)
2025-07-25T12:05:37:     at Module._compile (node:internal/modules/cjs/loader:1730:14)
2025-07-25T12:05:37:     at Object..js (node:internal/modules/cjs/loader:1895:10)
2025-07-25T12:05:37:     at Module.load (node:internal/modules/cjs/loader:1465:32)
2025-07-25T12:05:37:     at Function._load (node:internal/modules/cjs/loader:1282:12)
2025-07-25T12:05:37: C:\apcid_private\node_modules\.bin\next:2
2025-07-25T12:05:37: basedir=$(dirname "$(echo "$0" | sed -e 's,\\,/,g')")
2025-07-25T12:05:37:           ^^^^^^^
2025-07-25T12:05:37: 
2025-07-25T12:05:37: SyntaxError: missing ) after argument list
2025-07-25T12:05:37:     at wrapSafe (node:internal/modules/cjs/loader:1662:18)
2025-07-25T12:05:37:     at Module._compile (node:internal/modules/cjs/loader:1704:20)
2025-07-25T12:05:37:     at Object..js (node:internal/modules/cjs/loader:1895:10)
2025-07-25T12:05:37:     at Module.load (node:internal/modules/cjs/loader:1465:32)
2025-07-25T12:05:37:     at Function._load (node:internal/modules/cjs/loader:1282:12)
2025-07-25T12:05:37:     at Object.<anonymous> (C:\Users\Administrator\AppData\Roaming\npm\node_modules\pm2\lib\ProcessContainerFork.js:33:23)
2025-07-25T12:05:37:     at Module._compile (node:internal/modules/cjs/loader:1730:14)
2025-07-25T12:05:37:     at Object..js (node:internal/modules/cjs/loader:1895:10)
2025-07-25T12:05:37:     at Module.load (node:internal/modules/cjs/loader:1465:32)
2025-07-25T12:05:37:     at Function._load (node:internal/modules/cjs/loader:1282:12)
2025-07-25T12:05:37: C:\apcid_private\node_modules\.bin\next:2
2025-07-25T12:05:37: basedir=$(dirname "$(echo "$0" | sed -e 's,\\,/,g')")
2025-07-25T12:05:37:           ^^^^^^^
2025-07-25T12:05:37: 
2025-07-25T12:05:37: SyntaxError: missing ) after argument list
2025-07-25T12:05:37:     at wrapSafe (node:internal/modules/cjs/loader:1662:18)
2025-07-25T12:05:37:     at Module._compile (node:internal/modules/cjs/loader:1704:20)
2025-07-25T12:05:37:     at Object..js (node:internal/modules/cjs/loader:1895:10)
2025-07-25T12:05:37:     at Module.load (node:internal/modules/cjs/loader:1465:32)
2025-07-25T12:05:37:     at Function._load (node:internal/modules/cjs/loader:1282:12)
2025-07-25T12:05:37:     at Object.<anonymous> (C:\Users\Administrator\AppData\Roaming\npm\node_modules\pm2\lib\ProcessContainerFork.js:33:23)
2025-07-25T12:05:37:     at Module._compile (node:internal/modules/cjs/loader:1730:14)
2025-07-25T12:05:37:     at Object..js (node:internal/modules/cjs/loader:1895:10)
2025-07-25T12:05:37:     at Module.load (node:internal/modules/cjs/loader:1465:32)
2025-07-25T12:05:37:     at Function._load (node:internal/modules/cjs/loader:1282:12)
2025-07-25T12:05:37: C:\apcid_private\node_modules\.bin\next:2
2025-07-25T12:05:37: basedir=$(dirname "$(echo "$0" | sed -e 's,\\,/,g')")
2025-07-25T12:05:37:           ^^^^^^^
2025-07-25T12:05:37: 
2025-07-25T12:05:37: SyntaxError: missing ) after argument list
2025-07-25T12:05:37:     at wrapSafe (node:internal/modules/cjs/loader:1662:18)
2025-07-25T12:05:37:     at Module._compile (node:internal/modules/cjs/loader:1704:20)
2025-07-25T12:05:37:     at Object..js (node:internal/modules/cjs/loader:1895:10)
2025-07-25T12:05:37:     at Module.load (node:internal/modules/cjs/loader:1465:32)
2025-07-25T12:05:37:     at Function._load (node:internal/modules/cjs/loader:1282:12)
2025-07-25T12:05:37:     at Object.<anonymous> (C:\Users\Administrator\AppData\Roaming\npm\node_modules\pm2\lib\ProcessContainerFork.js:33:23)
2025-07-25T12:05:37:     at Module._compile (node:internal/modules/cjs/loader:1730:14)
2025-07-25T12:05:37:     at Object..js (node:internal/modules/cjs/loader:1895:10)
2025-07-25T12:05:37:     at Module.load (node:internal/modules/cjs/loader:1465:32)
2025-07-25T12:05:37:     at Function._load (node:internal/modules/cjs/loader:1282:12)
2025-07-25T12:05:37: C:\apcid_private\node_modules\.bin\next:2
2025-07-25T12:05:37: basedir=$(dirname "$(echo "$0" | sed -e 's,\\,/,g')")
2025-07-25T12:05:37:           ^^^^^^^
2025-07-25T12:05:37: 
2025-07-25T12:05:37: SyntaxError: missing ) after argument list
2025-07-25T12:05:37:     at wrapSafe (node:internal/modules/cjs/loader:1662:18)
2025-07-25T12:05:37:     at Module._compile (node:internal/modules/cjs/loader:1704:20)
2025-07-25T12:05:37:     at Object..js (node:internal/modules/cjs/loader:1895:10)
2025-07-25T12:05:37:     at Module.load (node:internal/modules/cjs/loader:1465:32)
2025-07-25T12:05:37:     at Function._load (node:internal/modules/cjs/loader:1282:12)
2025-07-25T12:05:37:     at Object.<anonymous> (C:\Users\Administrator\AppData\Roaming\npm\node_modules\pm2\lib\ProcessContainerFork.js:33:23)
2025-07-25T12:05:37:     at Module._compile (node:internal/modules/cjs/loader:1730:14)
2025-07-25T12:05:37:     at Object..js (node:internal/modules/cjs/loader:1895:10)
2025-07-25T12:05:37:     at Module.load (node:internal/modules/cjs/loader:1465:32)
2025-07-25T12:05:37:     at Function._load (node:internal/modules/cjs/loader:1282:12)
2025-07-25T12:05:37: C:\apcid_private\node_modules\.bin\next:2
2025-07-25T12:05:37: basedir=$(dirname "$(echo "$0" | sed -e 's,\\,/,g')")
2025-07-25T12:05:37:           ^^^^^^^
2025-07-25T12:05:37: 
2025-07-25T12:05:37: SyntaxError: missing ) after argument list
2025-07-25T12:05:37:     at wrapSafe (node:internal/modules/cjs/loader:1662:18)
2025-07-25T12:05:37:     at Module._compile (node:internal/modules/cjs/loader:1704:20)
2025-07-25T12:05:37:     at Object..js (node:internal/modules/cjs/loader:1895:10)
2025-07-25T12:05:37:     at Module.load (node:internal/modules/cjs/loader:1465:32)
2025-07-25T12:05:37:     at Function._load (node:internal/modules/cjs/loader:1282:12)
2025-07-25T12:05:37:     at Object.<anonymous> (C:\Users\Administrator\AppData\Roaming\npm\node_modules\pm2\lib\ProcessContainerFork.js:33:23)
2025-07-25T12:05:37:     at Module._compile (node:internal/modules/cjs/loader:1730:14)
2025-07-25T12:05:37:     at Object..js (node:internal/modules/cjs/loader:1895:10)
2025-07-25T12:05:37:     at Module.load (node:internal/modules/cjs/loader:1465:32)
2025-07-25T12:05:37:     at Function._load (node:internal/modules/cjs/loader:1282:12)
